// Jest Snapshot v1, https://goo.gl/fbAQLP

exports[`rendering UserReview 1`] = `
<div
  className="comments"
>
  <h3
    className="comments-title"
  >
    Comments
  </h3>
  <div
    className="comment-form-title"
  >
    Write comment
  </div>
  <form
    onSubmit={[Function]}
  >
    <textarea
      className="comment-form-textarea"
      onChange={[Function]}
      value=""
    />
    <button
      className="comment-form-button"
      disabled={true}
    >
      Write
    </button>
  </form>
  <div
    className="comments-container"
  />
</div>
`;
